<testsuites name="jest tests" tests="5" failures="0" time="1.122">
  <testsuite name="undefined" errors="0" failures="0" skipped="0" timestamp="2020-10-11T19:39:57" time="1.122" tests="5">
    <testcase classname=" Testing for cycle length 1" name=" Testing for cycle length 1" time="0.062">
    </testcase>
    <testcase classname=" Testing for cycle length 2" name=" Testing for cycle length 2" time="0.044">
    </testcase>
    <testcase classname=" Testing for cycle length 3" name=" Testing for cycle length 3" time="0.051">
    </testcase>
    <testcase classname=" Testing for cycle length 7" name=" Testing for cycle length 7" time="0.079">
    </testcase>
    <testcase classname=" Testing for cycle length 31" name=" Testing for cycle length 31" time="0.21">
    </testcase>
  </testsuite>
</testsuites>